// Jest Snapshot v1, https://goo.gl/fbAQLP

exports[`pruebas  en <SearchPages/> debe de mostrarse correctamente  con los  valores por  defecto 1`] = `
<div>
  <h1>
    search
  </h1>
  <hr />
  <div
    class="row"
  >
    <div
      class="col-5"
    >
      <h4>
        Searching
      </h4>
      <form
        aria-label="form_label"
      >
        <input
          autocomplete="off"
          class="form-control"
          name="searchText"
          placeholder=" Search a Hero"
          type="text"
          value=""
        />
        <button
          class="btn btn-outline-primary mt-1"
        >
          Search
        </button>
      </form>
    </div>
    <div
      class="col-7"
    >
      <h4>
        Result
      </h4>
      <div
        class="alert alert-primary  animate__animated animate__fadeIn"
      >
        Shearh a hero
      </div>
      <div
        aria-label="alert-danger"
        class="alert alert-danger animate__animated animate__fadeIn"
        style="display: none;"
      >
        not exist hero whith 
        <b />
      </div>
    </div>
  </div>
</div>
`;
